// Jest Snapshot v1, https://goo.gl/fbAQLP

exports[`<Badge /> should render without crashing 1`] = `
<span
  style={
    Object {
      "borderRadius": "50%",
      "color": undefined,
      "height": undefined,
      "position": "absolute",
      "right": 0,
      "top": 0,
      "width": undefined,
    }
  }
/>
`;
